
   Begin Kepler Problem

Problem Arguments:
  stepper:              1
  step mode:            1
  use tstop:            1
  use compensated sums: 0
  dt:                   0.01
  Tf:                   100
  nout:                 50

t = 0.0000, H(p,q) = -0.5000000000000000, L(p,q) = 0.8000000000000000
t = 2.0000, H(p,q)-H0 = -1.6784518298571527e-03, L(p,q)-L0 = -2.9042320208483297e-04
t = 4.0000, H(p,q)-H0 = -2.1278790058677499e-03, L(p,q)-L0 = -6.2825541188582523e-04
t = 6.0000, H(p,q)-H0 = -2.1550703028347939e-03, L(p,q)-L0 = -7.7484406980210530e-04
t = 8.0000, H(p,q)-H0 = -5.4842478611313306e-03, L(p,q)-L0 = -1.6838918231787403e-03
t = 10.0000, H(p,q)-H0 = -5.8626397418165554e-03, L(p,q)-L0 = -1.9336489436617699e-03
t = 12.0000, H(p,q)-H0 = -5.6116119056841551e-03, L(p,q)-L0 = -2.0064452897471385e-03
t = 14.0000, H(p,q)-H0 = -8.6375126606887953e-03, L(p,q)-L0 = -2.7777984070394002e-03
t = 16.0000, H(p,q)-H0 = -9.0096481229462455e-03, L(p,q)-L0 = -2.9914592360583692e-03
t = 18.0000, H(p,q)-H0 = -8.7347249743396915e-03, L(p,q)-L0 = -3.0907112866157549e-03
t = 20.0000, H(p,q)-H0 = -1.2600600787008531e-02, L(p,q)-L0 = -4.1649364987623727e-03
t = 22.0000, H(p,q)-H0 = -1.2946638401302835e-02, L(p,q)-L0 = -4.3430879215102802e-03
t = 24.0000, H(p,q)-H0 = -1.2731344428437485e-02, L(p,q)-L0 = -4.4251466153644170e-03
t = 26.0000, H(p,q)-H0 = -1.5861673485252692e-02, L(p,q)-L0 = -5.3179060334906936e-03
t = 28.0000, H(p,q)-H0 = -1.6198198912017125e-02, L(p,q)-L0 = -5.4848754560276047e-03
t = 30.0000, H(p,q)-H0 = -1.5980324069933549e-02, L(p,q)-L0 = -5.5721297250804769e-03
t = 32.0000, H(p,q)-H0 = -1.9199141386030405e-02, L(p,q)-L0 = -6.4900578003552756e-03
t = 34.0000, H(p,q)-H0 = -1.9540655244634331e-02, L(p,q)-L0 = -6.6631304915141243e-03
t = 36.0000, H(p,q)-H0 = -1.9321018302888016e-02, L(p,q)-L0 = -6.7486714445170737e-03
t = 38.0000, H(p,q)-H0 = -2.2120108827832885e-02, L(p,q)-L0 = -7.4577129697941391e-03
t = 40.0000, H(p,q)-H0 = -2.2470068285438849e-02, L(p,q)-L0 = -7.6493752403872239e-03
t = 42.0000, H(p,q)-H0 = -2.2241703722676531e-02, L(p,q)-L0 = -7.7334554777208631e-03
t = 44.0000, H(p,q)-H0 = -2.5289091912865658e-02, L(p,q)-L0 = -8.5403643591680511e-03
t = 46.0000, H(p,q)-H0 = -2.5689359811389201e-02, L(p,q)-L0 = -8.7850549984005433e-03
t = 48.0000, H(p,q)-H0 = -2.5568378597712105e-02, L(p,q)-L0 = -8.9079787138375277e-03
t = 50.0000, H(p,q)-H0 = -2.8510411677505898e-02, L(p,q)-L0 = -9.6891803474072891e-03
t = 52.0000, H(p,q)-H0 = -2.8920082196935426e-02, L(p,q)-L0 = -9.9707059656782837e-03
t = 54.0000, H(p,q)-H0 = -2.9899931087091325e-02, L(p,q)-L0 = -1.0498284518983048e-02
t = 56.0000, H(p,q)-H0 = -3.1588017244267630e-02, L(p,q)-L0 = -1.0787507144841113e-02
t = 58.0000, H(p,q)-H0 = -3.2048481306386933e-02, L(p,q)-L0 = -1.1137600093499622e-02
t = 60.0000, H(p,q)-H0 = -3.4294622513256767e-02, L(p,q)-L0 = -1.1962601949326190e-02
t = 62.0000, H(p,q)-H0 = -3.5482005848321396e-02, L(p,q)-L0 = -1.2235536486310927e-02
t = 64.0000, H(p,q)-H0 = -3.5708708764246588e-02, L(p,q)-L0 = -1.2443846903624989e-02
t = 66.0000, H(p,q)-H0 = -3.8320889690427573e-02, L(p,q)-L0 = -1.3186382283590370e-02
t = 68.0000, H(p,q)-H0 = -3.9138160434730618e-02, L(p,q)-L0 = -1.3421338836707375e-02
t = 70.0000, H(p,q)-H0 = -3.9162651577006935e-02, L(p,q)-L0 = -1.3570828301960658e-02
t = 72.0000, H(p,q)-H0 = -4.1979352079891452e-02, L(p,q)-L0 = -1.4324018246118397e-02
t = 74.0000, H(p,q)-H0 = -4.2509170177621902e-02, L(p,q)-L0 = -1.4545667038525667e-02
t = 76.0000, H(p,q)-H0 = -4.2322024530152658e-02, L(p,q)-L0 = -1.4657400096433237e-02
t = 78.0000, H(p,q)-H0 = -4.5687695722631982e-02, L(p,q)-L0 = -1.5603647889698369e-02
t = 80.0000, H(p,q)-H0 = -4.6058112196105228e-02, L(p,q)-L0 = -1.5811129832571602e-02
t = 82.0000, H(p,q)-H0 = -4.7107926326216631e-02, L(p,q)-L0 = -1.6325534832801414e-02
t = 84.0000, H(p,q)-H0 = -4.9591224672434042e-02, L(p,q)-L0 = -1.6783615071490177e-02
t = 86.0000, H(p,q)-H0 = -5.0013271551676342e-02, L(p,q)-L0 = -1.7094780585480196e-02
t = 88.0000, H(p,q)-H0 = -5.1998524672656865e-02, L(p,q)-L0 = -1.7709082236953777e-02
t = 90.0000, H(p,q)-H0 = -5.2942675316539622e-02, L(p,q)-L0 = -1.7944218745806206e-02
t = 92.0000, H(p,q)-H0 = -5.3128933419581470e-02, L(p,q)-L0 = -1.8234059147873571e-02
t = 94.0000, H(p,q)-H0 = -5.6039749832086372e-02, L(p,q)-L0 = -1.9022559772005287e-02
t = 96.0000, H(p,q)-H0 = -5.6604335641987191e-02, L(p,q)-L0 = -1.9296077771326581e-02
t = 98.0000, H(p,q)-H0 = -5.6534577285674681e-02, L(p,q)-L0 = -1.9438875656688115e-02
t = 100.0000, H(p,q)-H0 = -5.9571625205471657e-02, L(p,q)-L0 = -2.0162915470829823e-02
Current time                  = 100
Steps                         = 324
Step attempts                 = 430
Stability limited steps       = 0
Accuracy limited steps        = 430
Error test fails              = 106
NLS step fails                = 0
Inequality constraint fails   = 0
Initial step size             = 1.83623197904609e-06
Last step size                = 0.476260176525301
Current step size             = 0.476260176525301
Explicit RHS fn evals         = 2046
Implicit RHS fn evals         = 0
NLS iters                     = 0
NLS fails                     = 0
NLS iters per step            = 0
LS setups                     = 0
