
Slider-Crank example for IDAS:

Forward integration ... done!

Final Run Statistics: 

Number of steps                    = 263
Number of residual evaluations     = 1203
Number of Jacobian evaluations     = 44
Number of nonlinear iterations     = 763
Number of error test failures      = 0
Number of nonlinear conv. failures = 23
Number of step solver failures     = 2
--------------------------------------------
  G =       3.3366106657340313
--------------------------------------------

-------------F O R W A R D------------------
   dG/dp:    3.3346e-01  -3.6376e-01
--------------------------------------------



   Checking using Finite Differences 

---------------BACKWARD------------------
   dG/dp:    3.3345e-01  -3.6373e-01
-----------------------------------------

---------------FORWARD-------------------
   dG/dp:    3.3345e-01  -3.6373e-01
-----------------------------------------

--------------CENTERED-------------------
   dG/dp:    3.3345e-01  -3.6373e-01
-----------------------------------------

