
3-species chemical kinetics problem
Sensitivity: YES ( SIMULTANEOUS + PARTIAL ERROR CONTROL )

Consistent IC:
	y =   1.0000e+00   0.0000e+00  -5.3101e-16 
	yp=  -4.0000e-02   4.0000e-02   0.0000e+00 
                  Sensitivity 1  
	s1 =   0.0000e+00   0.0000e+00  -1.6997e-14 
	s1'=  -1.0000e+00   1.0000e+00   0.0000e+00 
                  Sensitivity 2  
	s2 =   0.0000e+00   0.0000e+00   0.0000e+00 
	s2'=   0.0000e+00   0.0000e+00   0.0000e+00 
                  Sensitivity 3  
	s3 =   0.0000e+00   0.0000e+00   0.0000e+00 
	s3'=   0.0000e+00   0.0000e+00   0.0000e+00 


=======================================================================
     T     Q       H      NST           y1           y2           y3    
=======================================================================
4.000e-01  3  6.658e-02   127
                  Solution         9.8517e-01   3.3864e-05   1.4794e-02 
                  Sensitivity 1   -3.5595e-01   3.9026e-04   3.5556e-01 
                  Sensitivity 2    9.5445e-08  -2.1309e-10  -9.5231e-08 
                  Sensitivity 3   -1.5835e-11  -5.2901e-13   1.6364e-11 
-----------------------------------------------------------------------
4.000e+00  5  2.140e-01   150
                  Solution         9.0552e-01   2.2405e-05   9.4459e-02 
                  Sensitivity 1   -1.8761e+00   1.7922e-04   1.8759e+00 
                  Sensitivity 2    2.9614e-06  -5.8304e-10  -2.9608e-06 
                  Sensitivity 3   -4.9335e-10  -2.7626e-13   4.9363e-10 
-----------------------------------------------------------------------
4.000e+01  5  1.660e+00   203
                  Solution         7.1583e-01   9.1855e-06   2.8416e-01 
                  Sensitivity 1   -4.2476e+00   4.5912e-05   4.2475e+00 
                  Sensitivity 2    1.3731e-05  -2.3572e-10  -1.3731e-05 
                  Sensitivity 3   -2.2884e-09  -1.1381e-13   2.2885e-09 
-----------------------------------------------------------------------
4.000e+02  5  8.834e+00   268
                  Solution         4.5052e-01   3.2229e-06   5.4948e-01 
                  Sensitivity 1   -5.9584e+00   3.5427e-06   5.9584e+00 
                  Sensitivity 2    2.2738e-05  -2.2602e-11  -2.2738e-05 
                  Sensitivity 3   -3.7897e-09  -4.9948e-14   3.7897e-09 
-----------------------------------------------------------------------
4.000e+03  5  1.601e+02   339
                  Solution         1.8320e-01   8.9424e-07   8.1680e-01 
                  Sensitivity 1   -4.7501e+00  -5.9936e-06   4.7501e+00 
                  Sensitivity 2    1.8809e-05   2.3127e-11  -1.8809e-05 
                  Sensitivity 3   -3.1348e-09  -1.8758e-14   3.1348e-09 
-----------------------------------------------------------------------
4.000e+04  5  1.904e+03   413
                  Solution         3.8983e-02   1.6218e-07   9.6102e-01 
                  Sensitivity 1   -1.5750e+00  -2.7620e-06   1.5750e+00 
                  Sensitivity 2    6.2875e-06   1.1002e-11  -6.2875e-06 
                  Sensitivity 3   -1.0479e-09  -4.5367e-15   1.0479e-09 
-----------------------------------------------------------------------
4.000e+05  5  1.028e+04   491
                  Solution         4.9383e-03   1.9850e-08   9.9506e-01 
                  Sensitivity 1   -2.3633e-01  -4.5841e-07   2.3634e-01 
                  Sensitivity 2    9.4503e-07   1.8325e-12  -9.4503e-07 
                  Sensitivity 3   -1.5751e-10  -6.3625e-16   1.5751e-10 
-----------------------------------------------------------------------
4.000e+06  5  1.072e+05   566
                  Solution         5.1681e-04   2.0683e-09   9.9948e-01 
                  Sensitivity 1   -2.5666e-02  -5.1061e-08   2.5666e-02 
                  Sensitivity 2    1.0266e-07   2.0423e-13  -1.0266e-07 
                  Sensitivity 3   -1.7110e-11  -6.8510e-17   1.7110e-11 
-----------------------------------------------------------------------
4.000e+07  5  2.866e+06   624
                  Solution         5.2029e-05   2.0813e-10   9.9995e-01 
                  Sensitivity 1   -2.5991e-03  -5.1942e-09   2.5991e-03 
                  Sensitivity 2    1.0396e-08   2.0776e-14  -1.0396e-08 
                  Sensitivity 3   -1.7327e-12  -6.9315e-18   1.7327e-12 
-----------------------------------------------------------------------
4.000e+08  4  2.038e+07   661
                  Solution         5.2090e-06   2.0836e-11   9.9999e-01 
                  Sensitivity 1   -2.6040e-04  -5.2080e-10   2.6040e-04 
                  Sensitivity 2    1.0416e-09   2.0832e-15  -1.0416e-09 
                  Sensitivity 3   -1.7361e-13  -6.9446e-19   1.7361e-13 
-----------------------------------------------------------------------
4.000e+09  3  4.472e+08   695
                  Solution         5.2184e-07   2.0874e-12   1.0000e+00 
                  Sensitivity 1   -2.6096e-05  -5.2236e-11   2.6096e-05 
                  Sensitivity 2    1.0439e-10   2.0894e-16  -1.0439e-10 
                  Sensitivity 3   -1.7395e-14  -6.9578e-20   1.7395e-14 
-----------------------------------------------------------------------
4.000e+10  4  6.395e+09   716
                  Solution         5.2603e-08   2.1041e-13   1.0000e+00 
                  Sensitivity 1   -2.6322e-06  -5.2818e-12   2.6322e-06 
                  Sensitivity 2    1.0529e-11   2.1127e-17  -1.0529e-11 
                  Sensitivity 3   -1.7534e-15  -7.0137e-21   1.7534e-15 
-----------------------------------------------------------------------

Quadrature:
G:      4.0000e+10

Sensitivities at t=4e+10:
dG/dp1:  1.4896e+06
dG/dp1: -5.9538e+00
dG/dp1:  9.9210e-04

Final Statistics:
Current time                  = 41688635837.2043
Steps                         = 716
Error test fails              = 20
NLS step fails                = 7
Constraint fails              = 0
Constraint corrections        = 0
Initial step size             = 2.16506350946203e-13
Last step size                = 6394568733.67793
Current step size             = 6394568733.67793
Last method order             = 4
Current method order          = 3
Residual fn evals             = 1403
IC linesearch backtrack ops   = 0
NLS iters                     = 1401
NLS fails                     = 17
NLS iters per step            = 1.95949720670391
LS setups                     = 108
Jac fn evals                  = 108
LS residual fn evals          = 324
Prec setup evals              = 0
Prec solves                   = 0
LS iters                      = 0
LS fails                      = 0
Jac-times setups              = 0
Jac-times evals               = 0
LS iters per NLS iter         = 0
Jac evals per NLS iter        = 0.0770877944325482
Prec evals per NLS iter       = 0
Root fn evals                 = 0
Quad fn evals                 = 717
Quad error test fails         = 0
Sens fn evals                 = 1403
Sens residual fn evals        = 0
Sens error test fails         = 0
Sens LS setups                = 0
QuadSens residual evals       = 717
QuadSens error test fails     = 0
