
3-species chemical kinetics problem
Sensitivity: YES ( SIMULTANEOUS + FULL ERROR CONTROL )

Consistent IC:
	y =   1.0000e+00   0.0000e+00  -5.3101e-16 
	yp=  -4.0000e-02   4.0000e-02   0.0000e+00 
                  Sensitivity 1  
	s1 =   0.0000e+00   0.0000e+00  -1.6997e-14 
	s1'=  -1.0000e+00   1.0000e+00   0.0000e+00 
                  Sensitivity 2  
	s2 =   0.0000e+00   0.0000e+00   0.0000e+00 
	s2'=   0.0000e+00   0.0000e+00   0.0000e+00 
                  Sensitivity 3  
	s3 =   0.0000e+00   0.0000e+00   0.0000e+00 
	s3'=   0.0000e+00   0.0000e+00   0.0000e+00 


=======================================================================
     T     Q       H      NST           y1           y2           y3    
=======================================================================
4.000e-01  3  5.448e-02   405
                  Solution         9.8517e-01   3.3864e-05   1.4792e-02 
                  Sensitivity 1   -3.5590e-01   3.9026e-04   3.5551e-01 
                  Sensitivity 2    9.5519e-08  -2.1305e-10  -9.5306e-08 
                  Sensitivity 3   -1.5848e-11  -5.2902e-13   1.6377e-11 
-----------------------------------------------------------------------
4.000e+00  4  1.610e-01   447
                  Solution         9.0552e-01   2.2405e-05   9.4458e-02 
                  Sensitivity 1   -1.8761e+00   1.7922e-04   1.8759e+00 
                  Sensitivity 2    2.9614e-06  -5.8304e-10  -2.9608e-06 
                  Sensitivity 3   -4.9335e-10  -2.7627e-13   4.9362e-10 
-----------------------------------------------------------------------
4.000e+01  4  1.510e+00   510
                  Solution         7.1583e-01   9.1855e-06   2.8416e-01 
                  Sensitivity 1   -4.2476e+00   4.5912e-05   4.2475e+00 
                  Sensitivity 2    1.3731e-05  -2.3572e-10  -1.3731e-05 
                  Sensitivity 3   -2.2884e-09  -1.1381e-13   2.2885e-09 
-----------------------------------------------------------------------
4.000e+02  4  1.196e+01   585
                  Solution         4.5052e-01   3.2229e-06   5.4948e-01 
                  Sensitivity 1   -5.9584e+00   3.5426e-06   5.9584e+00 
                  Sensitivity 2    2.2738e-05  -2.2601e-11  -2.2738e-05 
                  Sensitivity 3   -3.7897e-09  -4.9948e-14   3.7897e-09 
-----------------------------------------------------------------------
4.000e+03  4  1.095e+02   698
                  Solution         1.8320e-01   8.9424e-07   8.1680e-01 
                  Sensitivity 1   -4.7501e+00  -5.9937e-06   4.7501e+00 
                  Sensitivity 2    1.8809e-05   2.3127e-11  -1.8809e-05 
                  Sensitivity 3   -3.1348e-09  -1.8758e-14   3.1348e-09 
-----------------------------------------------------------------------
4.000e+04  5  1.141e+03   781
                  Solution         3.8983e-02   1.6218e-07   9.6102e-01 
                  Sensitivity 1   -1.5750e+00  -2.7620e-06   1.5750e+00 
                  Sensitivity 2    6.2875e-06   1.1002e-11  -6.2875e-06 
                  Sensitivity 3   -1.0479e-09  -4.5367e-15   1.0479e-09 
-----------------------------------------------------------------------
4.000e+05  5  1.091e+04   859
                  Solution         4.9383e-03   1.9850e-08   9.9506e-01 
                  Sensitivity 1   -2.3633e-01  -4.5841e-07   2.3633e-01 
                  Sensitivity 2    9.4503e-07   1.8325e-12  -9.4503e-07 
                  Sensitivity 3   -1.5751e-10  -6.3625e-16   1.5751e-10 
-----------------------------------------------------------------------
4.000e+06  5  5.207e+04   934
                  Solution         5.1681e-04   2.0683e-09   9.9948e-01 
                  Sensitivity 1   -2.5666e-02  -5.1061e-08   2.5666e-02 
                  Sensitivity 2    1.0266e-07   2.0422e-13  -1.0266e-07 
                  Sensitivity 3   -1.7110e-11  -6.8510e-17   1.7110e-11 
-----------------------------------------------------------------------
4.000e+07  5  2.809e+06   992
                  Solution         5.2033e-05   2.0814e-10   9.9995e-01 
                  Sensitivity 1   -2.5993e-03  -5.1945e-09   2.5993e-03 
                  Sensitivity 2    1.0397e-08   2.0778e-14  -1.0397e-08 
                  Sensitivity 3   -1.7328e-12  -6.9320e-18   1.7328e-12 
-----------------------------------------------------------------------
4.000e+08  5  3.588e+07  1030
                  Solution         5.2110e-06   2.0844e-11   9.9999e-01 
                  Sensitivity 1   -2.6024e-04  -5.1980e-10   2.6024e-04 
                  Sensitivity 2    1.0409e-09   2.0792e-15  -1.0409e-09 
                  Sensitivity 3   -1.7368e-13  -6.9472e-19   1.7368e-13 
-----------------------------------------------------------------------
4.000e+09  3  4.651e+08  1063
                  Solution         5.2193e-07   2.0877e-12   1.0000e+00 
                  Sensitivity 1   -2.6105e-05  -5.2246e-11   2.6105e-05 
                  Sensitivity 2    1.0442e-10   2.0898e-16  -1.0442e-10 
                  Sensitivity 3   -1.7398e-14  -6.9590e-20   1.7398e-14 
-----------------------------------------------------------------------
4.000e+10  2  5.002e+09  1087
                  Solution         5.1252e-08   2.0501e-13   1.0000e+00 
                  Sensitivity 1   -2.5626e-06  -5.0902e-12   2.5626e-06 
                  Sensitivity 2    1.0251e-11   2.0361e-17  -1.0251e-11 
                  Sensitivity 3   -1.7084e-15  -6.8336e-21   1.7084e-15 
-----------------------------------------------------------------------

Quadrature:
G:      4.0000e+10

Sensitivities at t=4e+10:
dG/dp1:  1.4886e+06
dG/dp1: -5.9499e+00
dG/dp1:  9.9165e-04

Final Statistics:
Current time                  = 41484698915.277
Steps                         = 1087
Error test fails              = 21
NLS step fails                = 22
Constraint fails              = 0
Constraint corrections        = 0
Initial step size             = 2.16506350946028e-13
Last step size                = 5002003930.27963
Current step size             = 10004007860.5593
Last method order             = 2
Current method order          = 2
Residual fn evals             = 1820
IC linesearch backtrack ops   = 0
NLS iters                     = 1818
NLS fails                     = 33
NLS iters per step            = 1.67433302667893
LS setups                     = 164
Jac fn evals                  = 164
LS residual fn evals          = 492
Prec setup evals              = 0
Prec solves                   = 0
LS iters                      = 0
LS fails                      = 0
Jac-times setups              = 0
Jac-times evals               = 0
LS iters per NLS iter         = 0
Jac evals per NLS iter        = 0.0902090209020902
Prec evals per NLS iter       = 0
Root fn evals                 = 0
Quad fn evals                 = 1088
Quad error test fails         = 0
Sens fn evals                 = 1820
Sens residual fn evals        = 0
Sens error test fails         = 0
Sens LS setups                = 0
QuadSens residual evals       = 1088
QuadSens error test fails     = 0
