
3-species chemical kinetics problem
Sensitivity: YES ( STAGGERED + PARTIAL ERROR CONTROL )

Consistent IC:
	y =   1.0000e+00   0.0000e+00  -5.3101e-16 
	yp=  -4.0000e-02   4.0000e-02   0.0000e+00 
                  Sensitivity 1  
	s1 =   0.0000e+00   0.0000e+00  -5.1214e-14 
	s1'=  -1.0000e+00   1.0000e+00   0.0000e+00 
                  Sensitivity 2  
	s2 =   0.0000e+00   0.0000e+00   0.0000e+00 
	s2'=   0.0000e+00   0.0000e+00   0.0000e+00 
                  Sensitivity 3  
	s3 =   0.0000e+00   0.0000e+00   0.0000e+00 
	s3'=   0.0000e+00   0.0000e+00   0.0000e+00 


=======================================================================
     T     Q       H      NST           y1           y2           y3    
=======================================================================
4.000e-01  3  6.559e-02   149
                  Solution         9.8517e-01   3.3864e-05   1.4794e-02 
                  Sensitivity 1   -3.5594e-01   3.9026e-04   3.5555e-01 
                  Sensitivity 2    9.5459e-08  -2.1309e-10  -9.5246e-08 
                  Sensitivity 3   -1.5838e-11  -5.2901e-13   1.6367e-11 
-----------------------------------------------------------------------
4.000e+00  5  2.151e-01   174
                  Solution         9.0552e-01   2.2405e-05   9.4459e-02 
                  Sensitivity 1   -1.8761e+00   1.7922e-04   1.8759e+00 
                  Sensitivity 2    2.9614e-06  -5.8304e-10  -2.9608e-06 
                  Sensitivity 3   -4.9335e-10  -2.7626e-13   4.9363e-10 
-----------------------------------------------------------------------
4.000e+01  4  7.546e-01   260
                  Solution         7.1583e-01   9.1855e-06   2.8416e-01 
                  Sensitivity 1   -4.2476e+00   4.5912e-05   4.2475e+00 
                  Sensitivity 2    1.3731e-05  -2.3572e-10  -1.3731e-05 
                  Sensitivity 3   -2.2884e-09  -1.1381e-13   2.2885e-09 
-----------------------------------------------------------------------
4.000e+02  5  1.719e+01   345
                  Solution         4.5052e-01   3.2229e-06   5.4948e-01 
                  Sensitivity 1   -5.9584e+00   3.5427e-06   5.9584e+00 
                  Sensitivity 2    2.2738e-05  -2.2601e-11  -2.2738e-05 
                  Sensitivity 3   -3.7897e-09  -4.9948e-14   3.7897e-09 
-----------------------------------------------------------------------
4.000e+03  4  7.631e+01   449
                  Solution         1.8320e-01   8.9424e-07   8.1680e-01 
                  Sensitivity 1   -4.7501e+00  -5.9936e-06   4.7501e+00 
                  Sensitivity 2    1.8809e-05   2.3127e-11  -1.8809e-05 
                  Sensitivity 3   -3.1348e-09  -1.8758e-14   3.1348e-09 
-----------------------------------------------------------------------
4.000e+04  5  9.212e+02   532
                  Solution         3.8983e-02   1.6218e-07   9.6102e-01 
                  Sensitivity 1   -1.5750e+00  -2.7620e-06   1.5750e+00 
                  Sensitivity 2    6.2875e-06   1.1002e-11  -6.2875e-06 
                  Sensitivity 3   -1.0479e-09  -4.5367e-15   1.0479e-09 
-----------------------------------------------------------------------
4.000e+05  5  1.066e+04   636
                  Solution         4.9383e-03   1.9850e-08   9.9506e-01 
                  Sensitivity 1   -2.3633e-01  -4.5841e-07   2.3633e-01 
                  Sensitivity 2    9.4503e-07   1.8325e-12  -9.4503e-07 
                  Sensitivity 3   -1.5750e-10  -6.3625e-16   1.5751e-10 
-----------------------------------------------------------------------
4.000e+06  5  1.623e+05   761
                  Solution         5.1682e-04   2.0683e-09   9.9948e-01 
                  Sensitivity 1   -2.5666e-02  -5.1061e-08   2.5666e-02 
                  Sensitivity 2    1.0266e-07   2.0423e-13  -1.0266e-07 
                  Sensitivity 3   -1.7110e-11  -6.8510e-17   1.7110e-11 
-----------------------------------------------------------------------
4.000e+07  4  1.947e+06   838
                  Solution         5.2030e-05   2.0813e-10   9.9995e-01 
                  Sensitivity 1   -2.5991e-03  -5.1943e-09   2.5991e-03 
                  Sensitivity 2    1.0396e-08   2.0777e-14  -1.0396e-08 
                  Sensitivity 3   -1.7327e-12  -6.9317e-18   1.7327e-12 
-----------------------------------------------------------------------
4.000e+08  5  2.804e+07   878
                  Solution         5.2095e-06   2.0838e-11   9.9999e-01 
                  Sensitivity 1   -2.6046e-04  -5.2088e-10   2.6046e-04 
                  Sensitivity 2    1.0418e-09   2.0835e-15  -1.0418e-09 
                  Sensitivity 3   -1.7363e-13  -6.9453e-19   1.7363e-13 
-----------------------------------------------------------------------
4.000e+09  4  3.536e+08   905
                  Solution         5.1877e-07   2.0751e-12   1.0000e+00 
                  Sensitivity 1   -2.5937e-05  -5.1870e-11   2.5937e-05 
                  Sensitivity 2    1.0375e-10   2.0748e-16  -1.0375e-10 
                  Sensitivity 3   -1.7292e-14  -6.9169e-20   1.7292e-14 
-----------------------------------------------------------------------
4.000e+10  2  6.859e+09   924
                  Solution         5.0946e-08   2.0378e-13   1.0000e+00 
                  Sensitivity 1   -2.5424e-06  -5.0759e-12   2.5424e-06 
                  Sensitivity 2    1.0170e-11   2.0304e-17  -1.0170e-11 
                  Sensitivity 3   -1.6954e-15  -6.7817e-21   1.6954e-15 
-----------------------------------------------------------------------

Quadrature:
G:      4.0000e+10

Sensitivities at t=4e+10:
dG/dp1:  1.4883e+06
dG/dp1: -5.9487e+00
dG/dp1:  9.9139e-04

Final Statistics:
Current time                  = 40800807981.2982
Steps                         = 924
Error test fails              = 31
NLS step fails                = 0
Constraint fails              = 0
Constraint corrections        = 0
Initial step size             = 2.16506350946203e-13
Last step size                = 6858828078.55421
Current step size             = 6858828078.55421
Last method order             = 2
Current method order          = 2
Residual fn evals             = 1231
IC linesearch backtrack ops   = 0
NLS iters                     = 1228
NLS fails                     = 0
NLS iters per step            = 1.33225108225108
LS setups                     = 91
Jac fn evals                  = 95
LS residual fn evals          = 285
Prec setup evals              = 0
Prec solves                   = 0
LS iters                      = 0
LS fails                      = 0
Jac-times setups              = 0
Jac-times evals               = 0
LS iters per NLS iter         = 0
Jac evals per NLS iter        = 0.0773615635179153
Prec evals per NLS iter       = 0
Root fn evals                 = 0
Quad fn evals                 = 925
Quad error test fails         = 0
Sens fn evals                 = 1445
Sens residual fn evals        = 0
Sens error test fails         = 0
Sens NLS iters                = 1443
Sens NLS fails                = 4
Sens NLS step fails           = 0
Sens LS setups                = 4
QuadSens residual evals       = 925
QuadSens error test fails     = 0
