
3-species chemical kinetics problem
Sensitivity: NO 

Consistent IC:
	y =   1.0000e+00   0.0000e+00  -5.3101e-16 
	yp=  -4.0000e-02   4.0000e-02   0.0000e+00 


=======================================================================
     T     Q       H      NST           y1           y2           y3    
=======================================================================
4.000e-01  3  6.822e-02   146
                  Solution         9.8517e-01   3.3864e-05   1.4794e-02 
-----------------------------------------------------------------------
4.000e+00  4  1.940e-01   177
                  Solution         9.0552e-01   2.2405e-05   9.4459e-02 
-----------------------------------------------------------------------
4.000e+01  4  1.238e+00   241
                  Solution         7.1583e-01   9.1855e-06   2.8416e-01 
-----------------------------------------------------------------------
4.000e+02  4  7.449e+00   356
                  Solution         4.5052e-01   3.2229e-06   5.4948e-01 
-----------------------------------------------------------------------
4.000e+03  5  1.002e+02   476
                  Solution         1.8320e-01   8.9424e-07   8.1680e-01 
-----------------------------------------------------------------------
4.000e+04  4  1.304e+03   571
                  Solution         3.8983e-02   1.6218e-07   9.6102e-01 
-----------------------------------------------------------------------
4.000e+05  5  1.521e+04   656
                  Solution         4.9383e-03   1.9850e-08   9.9506e-01 
-----------------------------------------------------------------------
4.000e+06  5  1.095e+05   735
                  Solution         5.1681e-04   2.0683e-09   9.9948e-01 
-----------------------------------------------------------------------
4.000e+07  5  3.158e+06   791
                  Solution         5.2029e-05   2.0813e-10   9.9995e-01 
-----------------------------------------------------------------------
4.000e+08  5  4.315e+07   828
                  Solution         5.2102e-06   2.0841e-11   9.9999e-01 
-----------------------------------------------------------------------
4.000e+09  4  2.899e+08   858
                  Solution         5.2039e-07   2.0816e-12   1.0000e+00 
-----------------------------------------------------------------------
4.000e+10  2  7.826e+09   877
                  Solution         5.2191e-08   2.0877e-13   1.0000e+00 
-----------------------------------------------------------------------

Quadrature:
G:      4.0000e+10

Final Statistics:
Current time                  = 42225848711.3925
Steps                         = 877
Error test fails              = 13
NLS step fails                = 0
Constraint fails              = 0
Constraint corrections        = 0
Initial step size             = 2.16506350946203e-13
Last step size                = 7825651655.86954
Current step size             = 7043086490.28258
Last method order             = 2
Current method order          = 2
Residual fn evals             = 1140
IC linesearch backtrack ops   = 0
NLS iters                     = 1138
NLS fails                     = 0
NLS iters per step            = 1.29988597491448
LS setups                     = 85
Jac fn evals                  = 85
LS residual fn evals          = 255
Prec setup evals              = 0
Prec solves                   = 0
LS iters                      = 0
LS fails                      = 0
Jac-times setups              = 0
Jac-times evals               = 0
LS iters per NLS iter         = 0
Jac evals per NLS iter        = 0.0746924428822496
Prec evals per NLS iter       = 0
Root fn evals                 = 0
Quad fn evals                 = 878
Quad error test fails         = 0
