# Overrides for argument decoding of variant reference files
# (see verify_examples.sh): <reference basename> <argv...>
# Needed when the underscore-joined filename is ambiguous because an
# argument itself contains underscores.
idasAnalytic_mels_idas.init_step_1e-5 idas.init_step 1e-5
ark_kepler_--stepper_SPRK_--step-mode_fixed_--method_ARKODE_SPRK_EULER_1_1_--tf_50_--check-order_--nout_1 --stepper SPRK --step-mode fixed --method ARKODE_SPRK_EULER_1_1 --tf 50 --check-order --nout 1
ark_kepler_--stepper_SPRK_--step-mode_fixed_--method_ARKODE_SPRK_LEAPFROG_2_2_--tf_50_--check-order_--nout_1 --stepper SPRK --step-mode fixed --method ARKODE_SPRK_LEAPFROG_2_2 --tf 50 --check-order --nout 1
ark_kepler_--stepper_SPRK_--step-mode_fixed_--method_ARKODE_SPRK_MCLACHLAN_2_2_--tf_50_--check-order_--nout_1 --stepper SPRK --step-mode fixed --method ARKODE_SPRK_MCLACHLAN_2_2 --tf 50 --check-order --nout 1
ark_kepler_--stepper_SPRK_--step-mode_fixed_--method_ARKODE_SPRK_MCLACHLAN_3_3_--tf_50_--check-order_--nout_1 --stepper SPRK --step-mode fixed --method ARKODE_SPRK_MCLACHLAN_3_3 --tf 50 --check-order --nout 1
ark_kepler_--stepper_SPRK_--step-mode_fixed_--method_ARKODE_SPRK_MCLACHLAN_4_4_--tf_50_--check-order_--nout_1 --stepper SPRK --step-mode fixed --method ARKODE_SPRK_MCLACHLAN_4_4 --tf 50 --check-order --nout 1
ark_kepler_--stepper_SPRK_--step-mode_fixed_--method_ARKODE_SPRK_MCLACHLAN_5_6_--tf_50_--check-order_--nout_1 --stepper SPRK --step-mode fixed --method ARKODE_SPRK_MCLACHLAN_5_6 --tf 50 --check-order --nout 1
ark_kepler_--stepper_SPRK_--step-mode_fixed_--method_ARKODE_SPRK_PSEUDO_LEAPFROG_2_2_--tf_50_--check-order_--nout_1 --stepper SPRK --step-mode fixed --method ARKODE_SPRK_PSEUDO_LEAPFROG_2_2 --tf 50 --check-order --nout 1
ark_kepler_--stepper_SPRK_--step-mode_fixed_--method_ARKODE_SPRK_RUTH_3_3_--tf_50_--check-order_--nout_1 --stepper SPRK --step-mode fixed --method ARKODE_SPRK_RUTH_3_3 --tf 50 --check-order --nout 1
ark_kepler_--stepper_SPRK_--step-mode_fixed_--method_ARKODE_SPRK_YOSHIDA_6_8_--tf_50_--check-order_--nout_1 --stepper SPRK --step-mode fixed --method ARKODE_SPRK_YOSHIDA_6_8 --tf 50 --check-order --nout 1
ark_analytic_lsrk_domeigest_arkid.dom_eig_est_init_preprocess_iters_1_sundomeigestimator.max_iters_1 arkid.dom_eig_est_init_preprocess_iters 1 sundomeigestimator.max_iters 1
